2026-07-05 08:56:11,654 DEBUG    root            Loaded Command Group: ['gcloud', 'auth']
2026-07-05 08:56:11,685 DEBUG    root            Loaded Command Group: ['gcloud', 'auth', 'login']
2026-07-05 08:56:11,686 DEBUG    root            Running [gcloud.auth.login] with arguments: []
2026-07-05 08:56:11,686 DEBUG    root            On GCE from disk cache: False
2026-07-05 08:56:11,756 DEBUG    root            On GCE from memory cache: False
2026-07-05 08:56:11,763 DEBUG    requests_oauthlib.oauth2_session Generated new state nwOOu7MvhI5DTyr2mmomLiGKj4JWFW.
2026-07-05 08:56:11,864 INFO     ___FILE_ONLY___ Your browser has been opened to visit:

    https://accounts.google.com/o/oauth2/auth?response_type=code&client_id=32555940559.apps.googleusercontent.com&redirect_uri=http%3A%2F%2Flocalhost%3A8085%2F&scope=openid+https%3A%2F%2Fwww.googleapis.com%2Fauth%2Fuserinfo.email+https%3A%2F%2Fwww.googleapis.com%2Fauth%2Fcloud-platform+https%3A%2F%2Fwww.googleapis.com%2Fauth%2Fappengine.admin+https%3A%2F%2Fwww.googleapis.com%2Fauth%2Fsqlservice.login+https%3A%2F%2Fwww.googleapis.com%2Fauth%2Fcompute+https%3A%2F%2Fwww.googleapis.com%2Fauth%2Faccounts.reauth&state=nwOOu7MvhI5DTyr2mmomLiGKj4JWFW&access_type=offline&code_challenge=BEYRLtgRaYgOIzJ03MrEyqh-_vmTFKCJCyqTqQKxjew&code_challenge_method=S256


2026-07-05 08:56:20,237 INFO     google_auth_oauthlib.flow "GET /?state=nwOOu7MvhI5DTyr2mmomLiGKj4JWFW&iss=https://accounts.google.com&code=4/0AdkVLPwQ-HPzX3XnsUq5H18QYNm-HJXZmCOvO69VUIQ7dTUI46BEu3_-og-E7UJrw8tZ0w&scope=email%20openid%20https://www.googleapis.com/auth/userinfo.email%20https://www.googleapis.com/auth/cloud-platform%20https://www.googleapis.com/auth/appengine.admin%20https://www.googleapis.com/auth/sqlservice.login%20https://www.googleapis.com/auth/compute%20https://www.googleapis.com/auth/accounts.reauth&authuser=0&prompt=consent HTTP/1.1" 200 937
2026-07-05 08:56:20,238 DEBUG    requests_oauthlib.oauth2_session Requesting url https://oauth2.googleapis.com/token using method POST.
2026-07-05 08:56:20,239 DEBUG    requests_oauthlib.oauth2_session Supplying headers {b'Accept': b'application/json', b'Content-Type': b'application/x-www-form-urlencoded;charset=UTF-8', b'user-agent': b'google-cloud-sdk gcloud/575.0.0 command/gcloud.auth.login invocation-id/2c0656f537ec4f3b95ed0e09fa6ce7a1 environment/None environment-version/None client-os/MACOSX client-os-ver/25.5.0 client-pltf-arch/arm interactive/True from-script/False python/3.14.4 term/xterm-256color  (Macintosh; Intel Mac OS X 25.5.0)'} and data {'grant_type': 'authorization_code', 'client_id': '32555940559.apps.googleusercontent.com', 'client_secret': 'ZmssLNjJy2998hD4CTg2ejr2', 'code': '4/0AdkVLPwQ-HPzX3XnsUq5H18QYNm-HJXZmCOvO69VUIQ7dTUI46BEu3_-og-E7UJrw8tZ0w', 'redirect_uri': 'http://localhost:8085/', 'code_verifier': '6Sn3FEEuUz.zL6i5Y.m49z1foxwrjXtL.GxEO3TJXSootNcqj317IQiD2IDaw~yW.RFPZVdJqXGo4vHlScPjfBB25FEnKVj~1W14Ltsnqp4oKGuzmV5sRzUlH4~6Ynu0'}
2026-07-05 08:56:20,243 DEBUG    requests_oauthlib.oauth2_session Passing through key word arguments {'json': None, 'timeout': None, 'auth': None, 'verify': None, 'proxies': None}.
2026-07-05 08:56:20,255 DEBUG    urllib3.connectionpool Starting new HTTPS connection (1): oauth2.googleapis.com:443
2026-07-05 08:56:20,373 DEBUG    urllib3.connectionpool https://oauth2.googleapis.com:443 "POST /token HTTP/1.1" 200 None
2026-07-05 08:56:20,374 DEBUG    requests_oauthlib.oauth2_session Prepared fetch token request body grant_type=authorization_code&client_id=32555940559.apps.googleusercontent.com&client_secret=ZmssLNjJy2998hD4CTg2ejr2&code=4%2F0AdkVLPwQ-HPzX3XnsUq5H18QYNm-HJXZmCOvO69VUIQ7dTUI46BEu3_-og-E7UJrw8tZ0w&redirect_uri=http%3A%2F%2Flocalhost%3A8085%2F&code_verifier=6Sn3FEEuUz.zL6i5Y.m49z1foxwrjXtL.GxEO3TJXSootNcqj317IQiD2IDaw~yW.RFPZVdJqXGo4vHlScPjfBB25FEnKVj~1W14Ltsnqp4oKGuzmV5sRzUlH4~6Ynu0
2026-07-05 08:56:20,374 DEBUG    requests_oauthlib.oauth2_session Request to fetch token completed with status 200.
2026-07-05 08:56:20,374 DEBUG    requests_oauthlib.oauth2_session Request headers were {'user-agent': b'google-cloud-sdk gcloud/575.0.0 command/gcloud.auth.login invocation-id/2c0656f537ec4f3b95ed0e09fa6ce7a1 environment/None environment-version/None client-os/MACOSX client-os-ver/25.5.0 client-pltf-arch/arm interactive/True from-script/False python/3.14.4 term/xterm-256color  (Macintosh; Intel Mac OS X 25.5.0)', 'Accept-Encoding': 'gzip, deflate, zstd', 'Accept': b'application/json', 'Connection': 'keep-alive', 'Content-Type': b'application/x-www-form-urlencoded;charset=UTF-8', 'Content-Length': '387'}
2026-07-05 08:56:20,374 DEBUG    requests_oauthlib.oauth2_session Request body was grant_type=authorization_code&client_id=32555940559.apps.googleusercontent.com&client_secret=ZmssLNjJy2998hD4CTg2ejr2&code=4%2F0AdkVLPwQ-HPzX3XnsUq5H18QYNm-HJXZmCOvO69VUIQ7dTUI46BEu3_-og-E7UJrw8tZ0w&redirect_uri=http%3A%2F%2Flocalhost%3A8085%2F&code_verifier=6Sn3FEEuUz.zL6i5Y.m49z1foxwrjXtL.GxEO3TJXSootNcqj317IQiD2IDaw~yW.RFPZVdJqXGo4vHlScPjfBB25FEnKVj~1W14Ltsnqp4oKGuzmV5sRzUlH4~6Ynu0
2026-07-05 08:56:20,374 DEBUG    requests_oauthlib.oauth2_session Response headers were {'Expires': 'Mon, 01 Jan 1990 00:00:00 GMT', 'Pragma': 'no-cache', 'Cache-Control': 'no-cache, no-store, max-age=0, must-revalidate', 'Date': 'Sun, 05 Jul 2026 06:56:20 GMT', 'Content-Type': 'application/json; charset=utf-8', 'Vary': 'Origin, X-Origin, Referer', 'Content-Encoding': 'gzip', 'Server': 'scaffolding on HTTPServer2', 'X-XSS-Protection': '0', 'X-Frame-Options': 'SAMEORIGIN', 'X-Content-Type-Options': 'nosniff', 'Alt-Svc': 'h3=":443"; ma=2592000,h3-29=":443"; ma=2592000', 'Transfer-Encoding': 'chunked'} and content {
  "access_token": "ya29.a0AT3oNZ8lYY1p2tH25leaVgAxVhi9Q4T92I1xYllb5y7FPUyD4ntEu1gwtEEZD_3juN0EEQSyz_8cfmDcRzsClYdbZt0LjH6hJPCnAZlh6mIQKQsctB6gTQA4Sc2k3vV0KZCLsusjexO5CuGnnp9aLwPf3JE57LD_cj7GaQbEu_amoHvhLqkDR-CXtGWC_I2eLvWRjJjn0J9BaCgYKAYQSARISFQHGX2MizHOuEznx5nkzDz4hGzGJoA0211",
  "expires_in": 3599,
  "refresh_token": "1//03iIBKTb7svteCgYIARAAGAMSNwF-L9IrLEftP7tePHjVyIX5rmCaU2q0zJbhPm0f1lV2_AtYU_PqjIhRIxYzjyzYPVow9Cyf9bQ",
  "scope": "https://www.googleapis.com/auth/accounts.reauth https://www.googleapis.com/auth/appengine.admin https://www.googleapis.com/auth/cloud-platform https://www.googleapis.com/auth/compute https://www.googleapis.com/auth/userinfo.email openid https://www.googleapis.com/auth/sqlservice.login",
  "token_type": "Bearer",
  "id_token": "eyJhbGciOiJSUzI1NiIsImtpZCI6ImYzNjE5MTM3MWM4YzRmZmQxNjI4NDZjZGU5MWE5Y2I0YzJiZWJhZTIiLCJ0eXAiOiJKV1QifQ.eyJpc3MiOiJodHRwczovL2FjY291bnRzLmdvb2dsZS5jb20iLCJhenAiOiIzMjU1NTk0MDU1OS5hcHBzLmdvb2dsZXVzZXJjb250ZW50LmNvbSIsImF1ZCI6IjMyNTU1OTQwNTU5LmFwcHMuZ29vZ2xldXNlcmNvbnRlbnQuY29tIiwic3ViIjoiMTExNTkxNjQwNjYyMjgzNzI3MjI0IiwiZW1haWwiOiJzZWlmZXJ0LmFuc2dhckBnbWFpbC5jb20iLCJlbWFpbF92ZXJpZmllZCI6dHJ1ZSwiYXRfaGFzaCI6IkRWRG1CamdIbnN6em1FQzdSNUJaa3ciLCJpYXQiOjE3ODMyMzQ1ODAsImV4cCI6MTc4MzIzODE4MH0.imuP3ffZUR2BxurSyMj4U_AHTwUjXE8YjHwP0OlJW3ZknHRFDuRAFwqC1XABZTeKTAR8GyaeFn1s21FeNsUz0-FoxGcB_ytF6L8cmMoAF2M58vI7mLsFJ-RpPdJ8gvpMKSf-YywTv1f_2VaaNPpnipkfxfvU5qqGQ7SBTOuniz46pb7TDtSAPm2VW3mB9cJWglHjSQOhrUZNtw4HXYiq_Glx1cxlok40RUdlCV3D6m28_mBLz921zBNeoL2wWqVJDR2uvsQvqAHLXIY64FjH5QBDSm92yJzlYyWsneWmbS_ywRv9XsviRNiyt5GcJslgvgezdw-GFDR14KKFWcZNew"
}.
2026-07-05 08:56:20,374 DEBUG    requests_oauthlib.oauth2_session Invoking 0 token response hooks.
2026-07-05 08:56:20,374 DEBUG    requests_oauthlib.oauth2_session Obtained token {'access_token': 'ya29.a0AT3oNZ8lYY1p2tH25leaVgAxVhi9Q4T92I1xYllb5y7FPUyD4ntEu1gwtEEZD_3juN0EEQSyz_8cfmDcRzsClYdbZt0LjH6hJPCnAZlh6mIQKQsctB6gTQA4Sc2k3vV0KZCLsusjexO5CuGnnp9aLwPf3JE57LD_cj7GaQbEu_amoHvhLqkDR-CXtGWC_I2eLvWRjJjn0J9BaCgYKAYQSARISFQHGX2MizHOuEznx5nkzDz4hGzGJoA0211', 'expires_in': 3599, 'refresh_token': '1//03iIBKTb7svteCgYIARAAGAMSNwF-L9IrLEftP7tePHjVyIX5rmCaU2q0zJbhPm0f1lV2_AtYU_PqjIhRIxYzjyzYPVow9Cyf9bQ', 'scope': ['https://www.googleapis.com/auth/accounts.reauth', 'https://www.googleapis.com/auth/appengine.admin', 'https://www.googleapis.com/auth/cloud-platform', 'https://www.googleapis.com/auth/compute', 'https://www.googleapis.com/auth/userinfo.email', 'openid', 'https://www.googleapis.com/auth/sqlservice.login'], 'token_type': 'Bearer', 'id_token': 'eyJhbGciOiJSUzI1NiIsImtpZCI6ImYzNjE5MTM3MWM4YzRmZmQxNjI4NDZjZGU5MWE5Y2I0YzJiZWJhZTIiLCJ0eXAiOiJKV1QifQ.eyJpc3MiOiJodHRwczovL2FjY291bnRzLmdvb2dsZS5jb20iLCJhenAiOiIzMjU1NTk0MDU1OS5hcHBzLmdvb2dsZXVzZXJjb250ZW50LmNvbSIsImF1ZCI6IjMyNTU1OTQwNTU5LmFwcHMuZ29vZ2xldXNlcmNvbnRlbnQuY29tIiwic3ViIjoiMTExNTkxNjQwNjYyMjgzNzI3MjI0IiwiZW1haWwiOiJzZWlmZXJ0LmFuc2dhckBnbWFpbC5jb20iLCJlbWFpbF92ZXJpZmllZCI6dHJ1ZSwiYXRfaGFzaCI6IkRWRG1CamdIbnN6em1FQzdSNUJaa3ciLCJpYXQiOjE3ODMyMzQ1ODAsImV4cCI6MTc4MzIzODE4MH0.imuP3ffZUR2BxurSyMj4U_AHTwUjXE8YjHwP0OlJW3ZknHRFDuRAFwqC1XABZTeKTAR8GyaeFn1s21FeNsUz0-FoxGcB_ytF6L8cmMoAF2M58vI7mLsFJ-RpPdJ8gvpMKSf-YywTv1f_2VaaNPpnipkfxfvU5qqGQ7SBTOuniz46pb7TDtSAPm2VW3mB9cJWglHjSQOhrUZNtw4HXYiq_Glx1cxlok40RUdlCV3D6m28_mBLz921zBNeoL2wWqVJDR2uvsQvqAHLXIY64FjH5QBDSm92yJzlYyWsneWmbS_ywRv9XsviRNiyt5GcJslgvgezdw-GFDR14KKFWcZNew', 'expires_at': 1783238179.374799}.
2026-07-05 08:56:20,394 INFO     ___FILE_ONLY___ 
You are now logged in as [seifert.ansgar@gmail.com].
Your current project is [None].  You can change this setting by running:
  $ gcloud config set project PROJECT_ID

2026-07-05 08:56:20,394 DEBUG    root            Chosen display Format:none
2026-07-05 08:56:20,395 INFO     root            Display format: "none"
