2026-07-05 08:57:00,790 DEBUG    root            Loaded Command Group: ['gcloud', 'storage']
2026-07-05 08:57:00,791 DEBUG    root            Loaded Command Group: ['gcloud', 'storage', 'buckets']
2026-07-05 08:57:00,821 DEBUG    root            On GCE from disk cache: False
2026-07-05 08:57:00,972 DEBUG    root            Loaded Command Group: ['gcloud', 'storage', 'buckets', 'list']
2026-07-05 08:57:00,973 DEBUG    root            Running [gcloud.storage.buckets.list] with arguments: []
2026-07-05 08:57:00,973 DEBUG    root            Chosen display Format:default
2026-07-05 08:57:00,974 INFO     root            Display format: "default"
2026-07-05 08:57:00,976 DEBUG    root            On GCE from memory cache: False
2026-07-05 08:57:00,983 DEBUG    root            (gcloud.storage.buckets.list) The required property [project] is not currently set.
It can be set on a per-command basis by re-running your command with the [--project] flag.

You may set it for your current workspace by running:

  $ gcloud config set project VALUE

or it can be set temporarily by the environment variable [CLOUDSDK_CORE_PROJECT]
Traceback (most recent call last):
  File "/opt/homebrew/Caskroom/gcloud-cli/575.0.0/google-cloud-sdk/lib/googlecloudsdk/calliope/cli.py", line 941, in Execute
    resources = calliope_command.Run(cli=self, args=args)
  File "/opt/homebrew/Caskroom/gcloud-cli/575.0.0/google-cloud-sdk/lib/googlecloudsdk/calliope/backend.py", line 971, in Run
    ).Display()
      ~~~~~~~^^
  File "/opt/homebrew/Caskroom/gcloud-cli/575.0.0/google-cloud-sdk/lib/googlecloudsdk/calliope/display.py", line 504, in Display
    self._printer.Print(self._resources)
    ~~~~~~~~~~~~~~~~~~~^^^^^^^^^^^^^^^^^
  File "/opt/homebrew/Caskroom/gcloud-cli/575.0.0/google-cloud-sdk/lib/googlecloudsdk/core/resource/resource_printer_base.py", line 297, in Print
    for resource in resources:
                    ^^^^^^^^^
  File "/opt/homebrew/Caskroom/gcloud-cli/575.0.0/google-cloud-sdk/lib/surface/storage/buckets/list.py", line 90, in Run
    for bucket in wildcard_iterator.get_wildcard_iterator(
                  ~~~~~~~~~~~~~~~~~~~~~~~~~~~~~~~~~~~~~~~^
        url.url_string,
        ^^^^^^^^^^^^^^^
    ...<2 lines>...
        soft_deleted_buckets=getattr(args, 'soft_deleted', False),
        ^^^^^^^^^^^^^^^^^^^^^^^^^^^^^^^^^^^^^^^^^^^^^^^^^^^^^^^^^^
    ):
    ^
  File "/opt/homebrew/Caskroom/gcloud-cli/575.0.0/google-cloud-sdk/lib/googlecloudsdk/command_lib/storage/wildcard_iterator.py", line 429, in __iter__
    for bucket_resource in self._client.list_buckets(
                           ~~~~~~~~~~~~~~~~~~~~~~~~~^
        fields_scope=self._fields_scope,
        ^^^^^^^^^^^^^^^^^^^^^^^^^^^^^^^^
        soft_deleted=self._soft_deleted_buckets,
        ^^^^^^^^^^^^^^^^^^^^^^^^^^^^^^^^^^^^^^^^
    ):
    ^
  File "/opt/homebrew/Caskroom/gcloud-cli/575.0.0/google-cloud-sdk/lib/googlecloudsdk/api_lib/storage/gcs_json/client.py", line 592, in list_buckets
    project=properties.VALUES.core.project.GetOrFail(),
            ~~~~~~~~~~~~~~~~~~~~~~~~~~~~~~~~~~~~~~~~^^
  File "/opt/homebrew/Caskroom/gcloud-cli/575.0.0/google-cloud-sdk/lib/googlecloudsdk/core/properties.py", line 3933, in GetOrFail
    return self.Get(required=True)
           ~~~~~~~~^^^^^^^^^^^^^^^
  File "/opt/homebrew/Caskroom/gcloud-cli/575.0.0/google-cloud-sdk/lib/googlecloudsdk/core/properties.py", line 3949, in Get
    property_value = self.GetPropertyValue(required, validate)
  File "/opt/homebrew/Caskroom/gcloud-cli/575.0.0/google-cloud-sdk/lib/googlecloudsdk/core/properties.py", line 3968, in GetPropertyValue
    property_value = _GetProperty(self,
                                  named_configs.ActivePropertiesFile.Load(),
                                  required)
  File "/opt/homebrew/Caskroom/gcloud-cli/575.0.0/google-cloud-sdk/lib/googlecloudsdk/core/properties.py", line 4553, in _GetProperty
    raise RequiredPropertyError(prop, flag=flag_to_use)
googlecloudsdk.core.properties.RequiredPropertyError: The required property [project] is not currently set.
It can be set on a per-command basis by re-running your command with the [--project] flag.

You may set it for your current workspace by running:

  $ gcloud config set project VALUE

or it can be set temporarily by the environment variable [CLOUDSDK_CORE_PROJECT]
2026-07-05 08:57:00,986 ERROR    root            (gcloud.storage.buckets.list) The required property [project] is not currently set.
It can be set on a per-command basis by re-running your command with the [--project] flag.

You may set it for your current workspace by running:

  $ gcloud config set project VALUE

or it can be set temporarily by the environment variable [CLOUDSDK_CORE_PROJECT]
