2026-07-08 16:32:07,694 DEBUG    root            Loaded Command Group: ['gcloud', 'storage']
2026-07-08 16:32:07,696 DEBUG    root            Loaded Command Group: ['gcloud', 'storage', 'buckets']
2026-07-08 16:32:07,732 DEBUG    root            On GCE from disk cache: False
2026-07-08 16:32:07,991 DEBUG    root            Loaded Command Group: ['gcloud', 'storage', 'buckets', 'update']
2026-07-08 16:32:07,993 DEBUG    root            Running [gcloud.storage.buckets.update] with arguments: [--cors-file: "cors.json", URL:1: "['gs://codingkidswebsite.appspot.com']"]
2026-07-08 16:32:07,997 DEBUG    root            On GCE from memory cache: False
2026-07-08 16:32:08,004 DEBUG    root            On GCE from memory cache: False
2026-07-08 16:32:08,004 DEBUG    root            On GCE from memory cache: False
2026-07-08 16:32:08,006 DEBUG    urllib3.connectionpool Starting new HTTPS connection (1): oauth2.googleapis.com:443
2026-07-08 16:32:08,098 DEBUG    urllib3.connectionpool https://oauth2.googleapis.com:443 "POST /token HTTP/1.1" 200 None
2026-07-08 16:32:08,102 INFO     root            Using high CPU count, single-file workload config.
2026-07-08 16:32:08,123 INFO     ___FILE_ONLY___   Completed 0
2026-07-08 16:32:09,350 DEBUG    root            Chosen display Format:default
2026-07-08 16:32:09,350 INFO     root            Display format: "default"
2026-07-08 16:32:09,351 DEBUG    root            (gcloud.storage.buckets.update) 
Traceback (most recent call last):
  File "/opt/homebrew/Caskroom/gcloud-cli/575.0.0/google-cloud-sdk/lib/googlecloudsdk/calliope/cli.py", line 941, in Execute
    resources = calliope_command.Run(cli=self, args=args)
  File "/opt/homebrew/Caskroom/gcloud-cli/575.0.0/google-cloud-sdk/lib/googlecloudsdk/calliope/backend.py", line 975, in Run
    raise exceptions.ExitCodeNoError(exit_code=command_instance.exit_code)
googlecloudsdk.calliope.exceptions.ExitCodeNoError
